Archive member included to satisfy reference by file (symbol)

C:/ST/STM32CubeIDE_1.18.1/STM32CubeIDE/plugins/com.st.stm32cube.ide.mcu.externaltools.gnu-tools-for-stm32.13.3.rel1.win32_1.0.0.202411081344/tools/bin/../lib/gcc/arm-none-eabi/13.3.1/../../../../arm-none-eabi/lib/thumb/v7e-m+dp/hard\libc_nano.a(libc_a-exit.o)
                              C:/ST/STM32CubeIDE_1.18.1/STM32CubeIDE/plugins/com.st.stm32cube.ide.mcu.externaltools.gnu-tools-for-stm32.13.3.rel1.win32_1.0.0.202411081344/tools/bin/../lib/gcc/arm-none-eabi/13.3.1/../../../../arm-none-eabi/lib/thumb/v7e-m+dp/hard/crt0.o (exit)
C:/ST/STM32CubeIDE_1.18.1/STM32CubeIDE/plugins/com.st.stm32cube.ide.mcu.externaltools.gnu-tools-for-stm32.13.3.rel1.win32_1.0.0.202411081344/tools/bin/../lib/gcc/arm-none-eabi/13.3.1/../../../../arm-none-eabi/lib/thumb/v7e-m+dp/hard\libc_nano.a(libc_a-findfp.o)
                              C:/ST/STM32CubeIDE_1.18.1/STM32CubeIDE/plugins/com.st.stm32cube.ide.mcu.externaltools.gnu-tools-for-stm32.13.3.rel1.win32_1.0.0.202411081344/tools/bin/../lib/gcc/arm-none-eabi/13.3.1/../../../../arm-none-eabi/lib/thumb/v7e-m+dp/hard\libc_nano.a(libc_a-exit.o) (__stdio_exit_handler)
C:/ST/STM32CubeIDE_1.18.1/STM32CubeIDE/plugins/com.st.stm32cube.ide.mcu.externaltools.gnu-tools-for-stm32.13.3.rel1.win32_1.0.0.202411081344/tools/bin/../lib/gcc/arm-none-eabi/13.3.1/../../../../arm-none-eabi/lib/thumb/v7e-m+dp/hard\libc_nano.a(libc_a-fwalk.o)
                              C:/ST/STM32CubeIDE_1.18.1/STM32CubeIDE/plugins/com.st.stm32cube.ide.mcu.externaltools.gnu-tools-for-stm32.13.3.rel1.win32_1.0.0.202411081344/tools/bin/../lib/gcc/arm-none-eabi/13.3.1/../../../../arm-none-eabi/lib/thumb/v7e-m+dp/hard\libc_nano.a(libc_a-findfp.o) (_fwalk_sglue)
C:/ST/STM32CubeIDE_1.18.1/STM32CubeIDE/plugins/com.st.stm32cube.ide.mcu.externaltools.gnu-tools-for-stm32.13.3.rel1.win32_1.0.0.202411081344/tools/bin/../lib/gcc/arm-none-eabi/13.3.1/../../../../arm-none-eabi/lib/thumb/v7e-m+dp/hard\libc_nano.a(libc_a-stdio.o)
                              C:/ST/STM32CubeIDE_1.18.1/STM32CubeIDE/plugins/com.st.stm32cube.ide.mcu.externaltools.gnu-tools-for-stm32.13.3.rel1.win32_1.0.0.202411081344/tools/bin/../lib/gcc/arm-none-eabi/13.3.1/../../../../arm-none-eabi/lib/thumb/v7e-m+dp/hard\libc_nano.a(libc_a-findfp.o) (__sread)
C:/ST/STM32CubeIDE_1.18.1/STM32CubeIDE/plugins/com.st.stm32cube.ide.mcu.externaltools.gnu-tools-for-stm32.13.3.rel1.win32_1.0.0.202411081344/tools/bin/../lib/gcc/arm-none-eabi/13.3.1/../../../../arm-none-eabi/lib/thumb/v7e-m+dp/hard\libc_nano.a(libc_a-memset.o)
                              C:/ST/STM32CubeIDE_1.18.1/STM32CubeIDE/plugins/com.st.stm32cube.ide.mcu.externaltools.gnu-tools-for-stm32.13.3.rel1.win32_1.0.0.202411081344/tools/bin/../lib/gcc/arm-none-eabi/13.3.1/../../../../arm-none-eabi/lib/thumb/v7e-m+dp/hard/crt0.o (memset)
C:/ST/STM32CubeIDE_1.18.1/STM32CubeIDE/plugins/com.st.stm32cube.ide.mcu.externaltools.gnu-tools-for-stm32.13.3.rel1.win32_1.0.0.202411081344/tools/bin/../lib/gcc/arm-none-eabi/13.3.1/../../../../arm-none-eabi/lib/thumb/v7e-m+dp/hard\libc_nano.a(libc_a-closer.o)
                              C:/ST/STM32CubeIDE_1.18.1/STM32CubeIDE/plugins/com.st.stm32cube.ide.mcu.externaltools.gnu-tools-for-stm32.13.3.rel1.win32_1.0.0.202411081344/tools/bin/../lib/gcc/arm-none-eabi/13.3.1/../../../../arm-none-eabi/lib/thumb/v7e-m+dp/hard\libc_nano.a(libc_a-stdio.o) (_close_r)
C:/ST/STM32CubeIDE_1.18.1/STM32CubeIDE/plugins/com.st.stm32cube.ide.mcu.externaltools.gnu-tools-for-stm32.13.3.rel1.win32_1.0.0.202411081344/tools/bin/../lib/gcc/arm-none-eabi/13.3.1/../../../../arm-none-eabi/lib/thumb/v7e-m+dp/hard\libc_nano.a(libc_a-reent.o)
                              C:/ST/STM32CubeIDE_1.18.1/STM32CubeIDE/plugins/com.st.stm32cube.ide.mcu.externaltools.gnu-tools-for-stm32.13.3.rel1.win32_1.0.0.202411081344/tools/bin/../lib/gcc/arm-none-eabi/13.3.1/../../../../arm-none-eabi/lib/thumb/v7e-m+dp/hard\libc_nano.a(libc_a-closer.o) (errno)
C:/ST/STM32CubeIDE_1.18.1/STM32CubeIDE/plugins/com.st.stm32cube.ide.mcu.externaltools.gnu-tools-for-stm32.13.3.rel1.win32_1.0.0.202411081344/tools/bin/../lib/gcc/arm-none-eabi/13.3.1/../../../../arm-none-eabi/lib/thumb/v7e-m+dp/hard\libc_nano.a(libc_a-impure.o)
                              C:/ST/STM32CubeIDE_1.18.1/STM32CubeIDE/plugins/com.st.stm32cube.ide.mcu.externaltools.gnu-tools-for-stm32.13.3.rel1.win32_1.0.0.202411081344/tools/bin/../lib/gcc/arm-none-eabi/13.3.1/../../../../arm-none-eabi/lib/thumb/v7e-m+dp/hard\libc_nano.a(libc_a-reent.o) (_impure_ptr)
C:/ST/STM32CubeIDE_1.18.1/STM32CubeIDE/plugins/com.st.stm32cube.ide.mcu.externaltools.gnu-tools-for-stm32.13.3.rel1.win32_1.0.0.202411081344/tools/bin/../lib/gcc/arm-none-eabi/13.3.1/../../../../arm-none-eabi/lib/thumb/v7e-m+dp/hard\libc_nano.a(libc_a-lseekr.o)
[...]
Memory Configuration

Name             Origin             Length             Attributes
RAM              0x20000000         0x00080000         xrw
FLASH            0x08000000         0x00200000         xr
*default*        0x00000000         0xffffffff

Linker script and memory map

LOAD C:/ST/STM32CubeIDE_1.18.1/STM32CubeIDE/plugins/com.st.stm32cube.ide.mcu.externaltools.gnu-tools-for-stm32.13.3.rel1.win32_1.0.0.202411081344/tools/bin/../lib/gcc/arm-none-eabi/13.3.1/thumb/v7e-m+dp/hard/crti.o
LOAD C:/ST/STM32CubeIDE_1.18.1/STM32CubeIDE/plugins/com.st.stm32cube.ide.mcu.externaltools.gnu-tools-for-stm32.13.3.rel1.win32_1.0.0.202411081344/tools/bin/../lib/gcc/arm-none-eabi/13.3.1/thumb/v7e-m+dp/hard/crtbegin.o
LOAD C:/ST/STM32CubeIDE_1.18.1/STM32CubeIDE/plugins/com.st.stm32cube.ide.mcu.externaltools.gnu-tools-for-stm32.13.3.rel1.win32_1.0.0.202411081344/tools/bin/../lib/gcc/arm-none-eabi/13.3.1/../../../../arm-none-eabi/lib/thumb/v7e-m+dp/hard/crt0.o
LOAD ./Core/Src/Bsp.o
LOAD ./Core/Src/PainelLed.o
LOAD ./Core/Src/main.o
LOAD ./Core/Src/stm32f7xx_hal_msp.o
LOAD ./Core/Src/stm32f7xx_it.o
LOAD ./Core/Src/syscalls.o
LOAD ./Core/Src/sysmem.o
LOAD ./Core/Src/system_stm32f7xx.o
LOAD ./Core/Startup/startup_stm32f767zitx.o
LOAD ./Drivers/STM32F7xx_HAL_Driver/Src/stm32f7xx_hal.o
LOAD ./Drivers/STM32F7xx_HAL_Driver/Src/stm32f7xx_hal_cortex.o
LOAD ./Drivers/STM32F7xx_HAL_Driver/Src/stm32f7xx_hal_dma.o
LOAD ./Drivers/STM32F7xx_HAL_Driver/Src/stm32f7xx_hal_dma_ex.o
LOAD ./Drivers/STM32F7xx_HAL_Driver/Src/stm32f7xx_hal_exti.o
LOAD ./Drivers/STM32F7xx_HAL_Driver/Src/stm32f7xx_hal_flash.o
LOAD ./Drivers/STM32F7xx_HAL_Driver/Src/stm32f7xx_hal_flash_ex.o
LOAD ./Drivers/STM32F7xx_HAL_Driver/Src/stm32f7xx_hal_gpio.o
LOAD ./Drivers/STM32F7xx_HAL_Driver/Src/stm32f7xx_hal_i2c.o
LOAD ./Drivers/STM32F7xx_HAL_Driver/Src/stm32f7xx_hal_i2c_ex.o
LOAD ./Drivers/STM32F7xx_HAL_Driver/Src/stm32f7xx_hal_pwr.o
LOAD ./Drivers/STM32F7xx_HAL_Driver/Src/stm32f7xx_hal_pwr_ex.o
LOAD ./Drivers/STM32F7xx_HAL_Driver/Src/stm32f7xx_hal_rcc.o
LOAD ./Drivers/STM32F7xx_HAL_Driver/Src/stm32f7xx_hal_rcc_ex.o
START GROUP
LOAD C:/ST/STM32CubeIDE_1.18.1/STM32CubeIDE/plugins/com.st.stm32cube.ide.mcu.externaltools.gnu-tools-for-stm32.13.3.rel1.win32_1.0.0.202411081344/tools/bin/../lib/gcc/arm-none-eabi/13.3.1/../../../../arm-none-eabi/lib/thumb/v7e-m+dp/hard\libc_nano.a
LOAD C:/ST/STM32CubeIDE_1.18.1/STM32CubeIDE/plugins/com.st.stm32cube.ide.mcu.externaltools.gnu-tools-for-stm32.13.3.rel1.win32_1.0.0.202411081344/tools/bin/../lib/gcc/arm-none-eabi/13.3.1/../../../../arm-none-eabi/lib/thumb/v7e-m+dp/hard\libm.a
END GROUP
START GROUP
LOAD C:/ST/STM32CubeIDE_1.18.1/STM32CubeIDE/plugins/com.st.stm32cube.ide.mcu.externaltools.gnu-tools-for-stm32.13.3.rel1.win32_1.0.0.202411081344/tools/bin/../lib/gcc/arm-none-eabi/13.3.1/thumb/v7e-m+dp/hard\libgcc.a
LOAD C:/ST/STM32CubeIDE_1.18.1/STM32CubeIDE/plugins/com.st.stm32cube.ide.mcu.externaltools.gnu-tools-for-stm32.13.3.rel1.win32_1.0.0.202411081344/tools/bin/../lib/gcc/arm-none-eabi/13.3.1/../../../../arm-none-eabi/lib/thumb/v7e-m+dp/hard\libc_nano.a
END GROUP
START GROUP
LOAD C:/ST/STM32CubeIDE_1.18.1/STM32CubeIDE/plugins/com.st.stm32cube.ide.mcu.externaltools.gnu-tools-for-stm32.13.3.rel1.win32_1.0.0.202411081344/tools/bin/../lib/gcc/arm-none-eabi/13.3.1/thumb/v7e-m+dp/hard\libgcc.a
LOAD C:/ST/STM32CubeIDE_1.18.1/STM32CubeIDE/plugins/com.st.stm32cube.ide.mcu.externaltools.gnu-tools-for-stm32.13.3.rel1.win32_1.0.0.202411081344/tools/bin/../lib/gcc/arm-none-eabi/13.3.1/../../../../arm-none-eabi/lib/thumb/v7e-m+dp/hard\libc_nano.a
LOAD C:/ST/STM32CubeIDE_1.18.1/STM32CubeIDE/plugins/com.st.stm32cube.ide.mcu.externaltools.gnu-tools-for-stm32.13.3.rel1.win32_1.0.0.202411081344/tools/bin/../lib/gcc/arm-none-eabi/13.3.1/../../../../arm-none-eabi/lib/thumb/v7e-m+dp/hard\libnosys.a
END GROUP
START GROUP
LOAD C:/ST/STM32CubeIDE_1.18.1/STM32CubeIDE/plugins/com.st.stm32cube.ide.mcu.externaltools.gnu-tools-for-stm32.13.3.rel1.win32_1.0.0.202411081344/tools/bin/../lib/gcc/arm-none-eabi/13.3.1/thumb/v7e-m+dp/hard\libgcc.a
LOAD C:/ST/STM32CubeIDE_1.18.1/STM32CubeIDE/plugins/com.st.stm32cube.ide.mcu.externaltools.gnu-tools-for-stm32.13.3.rel1.win32_1.0.0.202411081344/tools/bin/../lib/gcc/arm-none-eabi/13.3.1/../../../../arm-none-eabi/lib/thumb/v7e-m+dp/hard\libc_nano.a
LOAD C:/ST/STM32CubeIDE_1.18.1/STM32CubeIDE/plugins/com.st.stm32cube.ide.mcu.externaltools.gnu-tools-for-stm32.13.3.rel1.win32_1.0.0.202411081344/tools/bin/../lib/gcc/arm-none-eabi/13.3.1/../../../../arm-none-eabi/lib/thumb/v7e-m+dp/hard\libnosys.a
END GROUP
LOAD C:/ST/STM32CubeIDE_1.18.1/STM32CubeIDE/plugins/com.st.stm32cube.ide.mcu.externaltools.gnu-tools-for-stm32.13.3.rel1.win32_1.0.0.202411081344/tools/bin/../lib/gcc/arm-none-eabi/13.3.1/thumb/v7e-m+dp/hard/crtend.o
LOAD C:/ST/STM32CubeIDE_1.18.1/STM32CubeIDE/plugins/com.st.stm32cube.ide.mcu.externaltools.gnu-tools-for-stm32.13.3.rel1.win32_1.0.0.202411081344/tools/bin/../lib/gcc/arm-none-eabi/13.3.1/thumb/v7e-m+dp/hard/crtn.o
                0x20080000                        _estack = (ORIGIN (RAM) + LENGTH (RAM))
                0x00000200                        _Min_Heap_Size = 0x200
                0x00000400                        _Min_Stack_Size = 0x400

.isr_vector     0x08000000      0x1f8
                0x08000000                        . = ALIGN (0x4)
 *(.isr_vector)
 .isr_vector    0x08000000      0x1f8 ./Core/Startup/startup_stm32f767zitx.o
                0x08000000                g_pfnVectors
                0x080001f8                        . = ALIGN (0x4)

.text           0x080001f8     0x17ac
                0x080001f8                        . = ALIGN (0x4)
 *(.text)
 .text          0x080001f8       0x40 C:/ST/STM32CubeIDE_1.18.1/STM32CubeIDE/plugins/com.st.stm32cube.ide.mcu.externaltools.gnu-tools-for-stm32.13.3.rel1.win32_1.0.0.202411081344/tools/bin/../lib/gcc/arm-none-eabi/13.3.1/thumb/v7e-m+dp/hard/crtbegin.o
 .text          0x08000238       0x30 C:/ST/STM32CubeIDE_1.18.1/STM32CubeIDE/plugins/com.st.stm32cube.ide.mcu.externaltools.gnu-tools-for-stm32.13.3.rel1.win32_1.0.0.202411081344/tools/bin/../lib/gcc/arm-none-eabi/13.3.1/thumb/v7e-m+dp/hard\libgcc.a(_aeabi_uldivmod.o)
                0x08000238                __aeabi_uldivmod
 .text          0x08000268      0x2f8 C:/ST/STM32CubeIDE_1.18.1/STM32CubeIDE/plugins/com.st.stm32cube.ide.mcu.externaltools.gnu-tools-for-stm32.13.3.rel1.win32_1.0.0.202411081344/tools/bin/../lib/gcc/arm-none-eabi/13.3.1/thumb/v7e-m+dp/hard\libgcc.a(_udivmoddi4.o)
                0x08000268                __udivmoddi4
 .text          0x08000560        0x4 C:/ST/STM32CubeIDE_1.18.1/STM32CubeIDE/plugins/com.st.stm32cube.ide.mcu.externaltools.gnu-tools-for-stm32.13.3.rel1.win32_1.0.0.202411081344/tools/bin/../lib/gcc/arm-none-eabi/13.3.1/thumb/v7e-m+dp/hard\libgcc.a(_dvmd_tls.o)
                0x08000560                __aeabi_idiv0
                0x08000560                __aeabi_ldiv0
 *(.text*)
 .text.BSP_Init
                0x08000564       0x84 ./Core/Src/Bsp.o
                0x08000564                BSP_Init
 .text.BSP_LED_Toggle
                0x080005e8       0x3c ./Core/Src/Bsp.o
                0x080005e8                BSP_LED_Toggle
 .text.PainelLed_Update
                0x08000624       0x34 ./Core/Src/PainelLed.o
                0x08000624                PainelLed_Update
 .text.main     0x08000658       0x1a ./Core/Src/main.o
                0x08000658                main
 *fill*         0x08000672        0x2 
 .text.SystemClock_Config
                0x08000674       0xdc ./Core/Src/main.o
                0x08000674                SystemClock_Config
 .text.MPU_Config
                0x08000750       0x58 ./Core/Src/main.o
 .text.Error_Handler
                0x080007a8        0xc ./Core/Src/main.o
                0x080007a8                Error_Handler
 .text.HAL_MspInit
                0x080007b4       0x48 ./Core/Src/stm32f7xx_hal_msp.o
                0x080007b4                HAL_MspInit
 .text.NMI_Handler
                0x080007fc        0x8 ./Core/Src/stm32f7xx_it.o
                0x080007fc                NMI_Handler
 .text.HardFault_Handler
                0x08000804        0x8 ./Core/Src/stm32f7xx_it.o
                0x08000804                HardFault_Handler
 .text.MemManage_Handler
                0x0800080c        0x8 ./Core/Src/stm32f7xx_it.o
                0x0800080c                MemManage_Handler
 .text.BusFault_Handler
                0x08000814        0x8 ./Core/Src/stm32f7xx_it.o
                0x08000814                BusFault_Handler
 .text.UsageFault_Handler
                0x0800081c        0x8 ./Core/Src/stm32f7xx_it.o
                0x0800081c                UsageFault_Handler
 .text.SVC_Handler
                0x08000824        0xe ./Core/Src/stm32f7xx_it.o
                0x08000824                SVC_Handler
 .text.DebugMon_Handler
                0x08000832        0xe ./Core/Src/stm32f7xx_it.o
                0x08000832                DebugMon_Handler
 .text.PendSV_Handler
                0x08000840        0xe ./Core/Src/stm32f7xx_it.o
                0x08000840                PendSV_Handler
 .text.SysTick_Handler
                0x0800084e        0xc ./Core/Src/stm32f7xx_it.o
                0x0800084e                SysTick_Handler
 *fill*         0x0800085a        0x2 
 .text.SystemInit
                0x0800085c       0x24 ./Core/Src/system_stm32f7xx.o
                0x0800085c                SystemInit
 .text.Reset_Handler
                0x08000880       0x50 ./Core/Startup/startup_stm32f767zitx.o
                0x08000880                Reset_Handler
 .text.Default_Handler
                0x080008d0        0x2 ./Core/Startup/startup_stm32f767zitx.o
                0x080008d0                RTC_Alarm_IRQHandler
                0x080008d0                EXTI2_IRQHandler
                0x080008d0                TIM8_CC_IRQHandler
                0x080008d0                UART8_IRQHandler
                0x080008d0                SPI4_IRQHandler
                0x080008d0                TIM1_CC_IRQHandler
                0x080008d0                DMA2_Stream5_IRQHandler
                0x080008d0                JPEG_IRQHandler
                0x080008d0                DMA1_Stream5_IRQHandler
                0x080008d0                CAN3_RX1_IRQHandler
                0x080008d0                PVD_IRQHandler
                0x080008d0                TAMP_STAMP_IRQHandler
                0x080008d0                CAN2_RX1_IRQHandler
                0x080008d0                EXTI3_IRQHandler
                0x080008d0                TIM8_TRG_COM_TIM14_IRQHandler
                0x080008d0                DFSDM1_FLT1_IRQHandler
                0x080008d0                TIM1_UP_TIM10_IRQHandler
                0x080008d0                TIM8_UP_TIM13_IRQHandler
                0x080008d0                I2C3_ER_IRQHandler
                0x080008d0                DFSDM1_FLT2_IRQHandler
                0x080008d0                EXTI0_IRQHandler
                0x080008d0                I2C2_EV_IRQHandler
                0x080008d0                DMA1_Stream2_IRQHandler
                0x080008d0                CAN1_RX0_IRQHandler
                0x080008d0                FPU_IRQHandler
                0x080008d0                OTG_HS_WKUP_IRQHandler
                0x080008d0                CAN3_SCE_IRQHandler
                0x080008d0                LTDC_ER_IRQHandler
                0x080008d0                CAN2_SCE_IRQHandler
                0x080008d0                DMA2_Stream2_IRQHandler
                0x080008d0                SPI1_IRQHandler
                0x080008d0                TIM6_DAC_IRQHandler
                0x080008d0                TIM1_BRK_TIM9_IRQHandler
                0x080008d0                DCMI_IRQHandler
                0x080008d0                CAN2_RX0_IRQHandler
                0x080008d0                DMA2_Stream3_IRQHandler
                0x080008d0                SAI2_IRQHandler
                0x080008d0                DFSDM1_FLT3_IRQHandler
                0x080008d0                USART6_IRQHandler
                0x080008d0                CAN3_RX0_IRQHandler
                0x080008d0                USART3_IRQHandler
                0x080008d0                CAN1_RX1_IRQHandler
                0x080008d0                UART5_IRQHandler
                0x080008d0                DMA2_Stream0_IRQHandler
                0x080008d0                TIM4_IRQHandler
                0x080008d0                QUADSPI_IRQHandler
                0x080008d0                I2C1_EV_IRQHandler
                0x080008d0                DMA1_Stream6_IRQHandler
                0x080008d0                DMA1_Stream1_IRQHandler
                0x080008d0                UART4_IRQHandler
                0x080008d0                TIM3_IRQHandler
                0x080008d0                RCC_IRQHandler
                0x080008d0                TIM8_BRK_TIM12_IRQHandler
                0x080008d0                Default_Handler
                0x080008d0                CEC_IRQHandler
                0x080008d0                EXTI15_10_IRQHandler
                0x080008d0                ADC_IRQHandler
                0x080008d0                DMA1_Stream7_IRQHandler
                0x080008d0                SPI5_IRQHandler
                0x080008d0                TIM7_IRQHandler
                0x080008d0                SDMMC1_IRQHandler
                0x080008d0                CAN2_TX_IRQHandler
                0x080008d0                TIM5_IRQHandler
                0x080008d0                DMA2_Stream7_IRQHandler
                0x080008d0                I2C3_EV_IRQHandler
                0x080008d0                EXTI9_5_IRQHandler
                0x080008d0                RTC_WKUP_IRQHandler
                0x080008d0                LTDC_IRQHandler
                0x080008d0                ETH_WKUP_IRQHandler
                0x080008d0                SPDIF_RX_IRQHandler
                0x080008d0                SPI2_IRQHandler
                0x080008d0                OTG_HS_EP1_IN_IRQHandler
                0x080008d0                DMA1_Stream0_IRQHandler
                0x080008d0                CAN1_TX_IRQHandler
                0x080008d0                EXTI4_IRQHandler
                0x080008d0                RNG_IRQHandler
                0x080008d0                ETH_IRQHandler
                0x080008d0                OTG_HS_EP1_OUT_IRQHandler
                0x080008d0                WWDG_IRQHandler
                0x080008d0                SPI6_IRQHandler
                0x080008d0                MDIOS_IRQHandler
                0x080008d0                I2C4_EV_IRQHandler
                0x080008d0                CAN3_TX_IRQHandler
                0x080008d0                TIM2_IRQHandler
                0x080008d0                OTG_FS_WKUP_IRQHandler
                0x080008d0                TIM1_TRG_COM_TIM11_IRQHandler
                0x080008d0                OTG_HS_IRQHandler
                0x080008d0                DMA2D_IRQHandler
                0x080008d0                EXTI1_IRQHandler
                0x080008d0                SDMMC2_IRQHandler
                0x080008d0                UART7_IRQHandler
                0x080008d0                USART2_IRQHandler
                0x080008d0                DFSDM1_FLT0_IRQHandler
                0x080008d0                I2C2_ER_IRQHandler
                0x080008d0                DMA2_Stream1_IRQHandler
                0x080008d0                CAN1_SCE_IRQHandler
                0x080008d0                FLASH_IRQHandler
                0x080008d0                DMA2_Stream4_IRQHandler
                0x080008d0                USART1_IRQHandler
                0x080008d0                OTG_FS_IRQHandler
                0x080008d0                SPI3_IRQHandler
                0x080008d0                DMA1_Stream4_IRQHandler
                0x080008d0                I2C1_ER_IRQHandler
                0x080008d0                FMC_IRQHandler
                0x080008d0                LPTIM1_IRQHandler
                0x080008d0                I2C4_ER_IRQHandler
                0x080008d0                DMA2_Stream6_IRQHandler
                0x080008d0                SAI1_IRQHandler
                0x080008d0                DMA1_Stream3_IRQHandler
 .text.HAL_Init
                0x080008d2       0x1a ./Drivers/STM32F7xx_HAL_Driver/Src/stm32f7xx_hal.o
                0x080008d2                HAL_Init
 .text.HAL_InitTick
                0x080008ec       0x60 ./Drivers/STM32F7xx_HAL_Driver/Src/stm32f7xx_hal.o
                0x080008ec                HAL_InitTick
 .text.HAL_IncTick
                0x0800094c       0x28 ./Drivers/STM32F7xx_HAL_Driver/Src/stm32f7xx_hal.o
                0x0800094c                HAL_IncTick
 .text.HAL_GetTick
                0x08000974       0x18 ./Drivers/STM32F7xx_HAL_Driver/Src/stm32f7xx_hal.o
                0x08000974                HAL_GetTick
 .text.__NVIC_SetPriorityGrouping
                0x0800098c       0x48 ./Drivers/STM32F7xx_HAL_Driver/Src/stm32f7xx_hal_cortex.o
 .text.__NVIC_GetPriorityGrouping
                0x080009d4       0x1c ./Drivers/STM32F7xx_HAL_Driver/Src/stm32f7xx_hal_cortex.o
 .text.__NVIC_SetPriority
                0x080009f0       0x54 ./Drivers/STM32F7xx_HAL_Driver/Src/stm32f7xx_hal_cortex.o
 .text.NVIC_EncodePriority
                0x08000a44       0x66 ./Drivers/STM32F7xx_HAL_Driver/Src/stm32f7xx_hal_cortex.o
 *fill*         0x08000aaa        0x2 
 .text.SysTick_Config
                0x08000aac       0x44 ./Drivers/STM32F7xx_HAL_Driver/Src/stm32f7xx_hal_cortex.o
 .text.HAL_NVIC_SetPriorityGrouping
                0x08000af0       0x16 ./Drivers/STM32F7xx_HAL_Driver/Src/stm32f7xx_hal_cortex.o
                0x08000af0                HAL_NVIC_SetPriorityGrouping
 .text.HAL_NVIC_SetPriority
                0x08000b06       0x38 ./Drivers/STM32F7xx_HAL_Driver/Src/stm32f7xx_hal_cortex.o
                0x08000b06                HAL_NVIC_SetPriority
 .text.HAL_SYSTICK_Config
                0x08000b3e       0x18 ./Drivers/STM32F7xx_HAL_Driver/Src/stm32f7xx_hal_cortex.o
                0x08000b3e                HAL_SYSTICK_Config
 *fill*         0x08000b56        0x2 
 .text.HAL_MPU_Disable
                0x08000b58       0x30 ./Drivers/STM32F7xx_HAL_Driver/Src/stm32f7xx_hal_cortex.o
                0x08000b58                HAL_MPU_Disable
 .text.HAL_MPU_Enable
                0x08000b88       0x40 ./Drivers/STM32F7xx_HAL_Driver/Src/stm32f7xx_hal_cortex.o
                0x08000b88                HAL_MPU_Enable
 .text.HAL_MPU_ConfigRegion
                0x08000bc8       0x80 ./Drivers/STM32F7xx_HAL_Driver/Src/stm32f7xx_hal_cortex.o
                0x08000bc8                HAL_MPU_ConfigRegion
 .text.HAL_GPIO_Init
                0x08000c48      0x358 ./Drivers/STM32F7xx_HAL_Driver/Src/stm32f7xx_hal_gpio.o
                0x08000c48                HAL_GPIO_Init
 .text.HAL_GPIO_TogglePin
                0x08000fa0       0x34 ./Drivers/STM32F7xx_HAL_Driver/Src/stm32f7xx_hal_gpio.o
                0x08000fa0                HAL_GPIO_TogglePin
 .text.HAL_PWREx_EnableOverDrive
                0x08000fd4       0xa0 ./Drivers/STM32F7xx_HAL_Driver/Src/stm32f7xx_hal_pwr_ex.o
                0x08000fd4                HAL_PWREx_EnableOverDrive
 .text.HAL_RCC_OscConfig
                0x08001074      0x55c ./Drivers/STM32F7xx_HAL_Driver/Src/stm32f7xx_hal_rcc.o
                0x08001074                HAL_RCC_OscConfig
 .text.HAL_RCC_ClockConfig
                0x080015d0      0x1d8 ./Drivers/STM32F7xx_HAL_Driver/Src/stm32f7xx_hal_rcc.o
                0x080015d0                HAL_RCC_ClockConfig
 .text.HAL_RCC_GetSysClockFreq
                0x080017a8      0x18c ./Drivers/STM32F7xx_HAL_Driver/Src/stm32f7xx_hal_rcc.o
                0x080017a8                HAL_RCC_GetSysClockFreq
 .text.memset   0x08001934       0x10 C:/ST/STM32CubeIDE_1.18.1/STM32CubeIDE/plugins/com.st.stm32cube.ide.mcu.externaltools.gnu-tools-for-stm32.13.3.rel1.win32_1.0.0.202411081344/tools/bin/../lib/gcc/arm-none-eabi/13.3.1/../../../../arm-none-eabi/lib/thumb/v7e-m+dp/hard\libc_nano.a(libc_a-memset.o)
                0x08001934                memset
 .text.__libc_init_array
                0x08001944       0x48 C:/ST/STM32CubeIDE_1.18.1/STM32CubeIDE/plugins/com.st.stm32cube.ide.mcu.externaltools.gnu-tools-for-stm32.13.3.rel1.win32_1.0.0.202411081344/tools/bin/../lib/gcc/arm-none-eabi/13.3.1/../../../../arm-none-eabi/lib/thumb/v7e-m+dp/hard\libc_nano.a(libc_a-init.o)
                0x08001944                __libc_init_array
 *(.glue_7)
 .glue_7        0x0800198c        0x0 linker stubs
 *(.glue_7t)
 .glue_7t       0x0800198c        0x0 linker stubs
 *(.eh_frame)
 .eh_frame      0x0800198c        0x0 C:/ST/STM32CubeIDE_1.18.1/STM32CubeIDE/plugins/com.st.stm32cube.ide.mcu.externaltools.gnu-tools-for-stm32.13.3.rel1.win32_1.0.0.202411081344/tools/bin/../lib/gcc/arm-none-eabi/13.3.1/thumb/v7e-m+dp/hard/crtbegin.o
 *(.init)
 .init          0x0800198c        0x4 C:/ST/STM32CubeIDE_1.18.1/STM32CubeIDE/plugins/com.st.stm32cube.ide.mcu.externaltools.gnu-tools-for-stm32.13.3.rel1.win32_1.0.0.202411081344/tools/bin/../lib/gcc/arm-none-eabi/13.3.1/thumb/v7e-m+dp/hard/crti.o
                0x0800198c                _init
 .init          0x08001990        0x8 C:/ST/STM32CubeIDE_1.18.1/STM32CubeIDE/plugins/com.st.stm32cube.ide.mcu.externaltools.gnu-tools-for-stm32.13.3.rel1.win32_1.0.0.202411081344/tools/bin/../lib/gcc/arm-none-eabi/13.3.1/thumb/v7e-m+dp/hard/crtn.o
 *(.fini)
 .fini          0x08001998        0x4 C:/ST/STM32CubeIDE_1.18.1/STM32CubeIDE/plugins/com.st.stm32cube.ide.mcu.externaltools.gnu-tools-for-stm32.13.3.rel1.win32_1.0.0.202411081344/tools/bin/../lib/gcc/arm-none-eabi/13.3.1/thumb/v7e-m+dp/hard/crti.o
                0x08001998                _fini
 .fini          0x0800199c        0x8 C:/ST/STM32CubeIDE_1.18.1/STM32CubeIDE/plugins/com.st.stm32cube.ide.mcu.externaltools.gnu-tools-for-stm32.13.3.rel1.win32_1.0.0.202411081344/tools/bin/../lib/gcc/arm-none-eabi/13.3.1/thumb/v7e-m+dp/hard/crtn.o
                0x080019a4                        . = ALIGN (0x4)
                0x080019a4                        _etext = .

.vfp11_veneer   0x080019a4        0x0
 .vfp11_veneer  0x080019a4        0x0 linker stubs

.v4_bx          0x080019a4        0x0
 .v4_bx         0x080019a4        0x0 linker stubs

.iplt           0x080019a4        0x0
 .iplt          0x080019a4        0x0 C:/ST/STM32CubeIDE_1.18.1/STM32CubeIDE/plugins/com.st.stm32cube.ide.mcu.externaltools.gnu-tools-for-stm32.13.3.rel1.win32_1.0.0.202411081344/tools/bin/../lib/gcc/arm-none-eabi/13.3.1/thumb/v7e-m+dp/hard/crtbegin.o

.rodata         0x080019a4       0x10
                0x080019a4                        . = ALIGN (0x4)
 *(.rodata)
 *(.rodata*)
 .rodata.AHBPrescTable
                0x080019a4       0x10 ./Core/Src/system_stm32f7xx.o
                0x080019a4                AHBPrescTable
                0x080019b4                        . = ALIGN (0x4)

.ARM.extab      0x080019b4        0x0
                0x080019b4                        . = ALIGN (0x4)
 *(.ARM.extab* .gnu.linkonce.armextab.*)
                0x080019b4                        . = ALIGN (0x4)

.ARM            0x080019b4        0x8
                0x080019b4                        . = ALIGN (0x4)
                0x080019b4                        __exidx_start = .
 *(.ARM.exidx*)
 .ARM.exidx     0x080019b4        0x8 C:/ST/STM32CubeIDE_1.18.1/STM32CubeIDE/plugins/com.st.stm32cube.ide.mcu.externaltools.gnu-tools-for-stm32.13.3.rel1.win32_1.0.0.202411081344/tools/bin/../lib/gcc/arm-none-eabi/13.3.1/thumb/v7e-m+dp/hard\libgcc.a(_udivmoddi4.o)
                0x080019bc                        __exidx_end = .
                0x080019bc                        . = ALIGN (0x4)

.preinit_array  0x080019bc        0x0
                0x080019bc                        . = ALIGN (0x4)
                0x080019bc                        PROVIDE (__preinit_array_start = .)
 *(.preinit_array*)
                0x080019bc                        PROVIDE (__preinit_array_end = .)
                0x080019bc                        . = ALIGN (0x4)

.init_array     0x080019bc        0x4
                0x080019bc                        . = ALIGN (0x4)
                0x080019bc                        PROVIDE (__init_array_start = .)
 *(SORT_BY_NAME(.init_array.*))
 *(.init_array*)
 .init_array    0x080019bc        0x4 C:/ST/STM32CubeIDE_1.18.1/STM32CubeIDE/plugins/com.st.stm32cube.ide.mcu.externaltools.gnu-tools-for-stm32.13.3.rel1.win32_1.0.0.202411081344/tools/bin/../lib/gcc/arm-none-eabi/13.3.1/thumb/v7e-m+dp/hard/crtbegin.o
                0x080019c0                        PROVIDE (__init_array_end = .)
                0x080019c0                        . = ALIGN (0x4)

.fini_array     0x080019c0        0x4
                0x080019c0                        . = ALIGN (0x4)
                [!provide]                        PROVIDE (__fini_array_start = .)
 *(SORT_BY_NAME(.fini_array.*))
 *(.fini_array*)
 .fini_array    0x080019c0        0x4 C:/ST/STM32CubeIDE_1.18.1/STM32CubeIDE/plugins/com.st.stm32cube.ide.mcu.externaltools.gnu-tools-for-stm32.13.3.rel1.win32_1.0.0.202411081344/tools/bin/../lib/gcc/arm-none-eabi/13.3.1/thumb/v7e-m+dp/hard/crtbegin.o
                [!provide]                        PROVIDE (__fini_array_end = .)
                0x080019c4                        . = ALIGN (0x4)
                0x080019c4                        _sidata = LOADADDR (.data)

.rel.dyn        0x080019c4        0x0
 .rel.iplt      0x080019c4        0x0 C:/ST/STM32CubeIDE_1.18.1/STM32CubeIDE/plugins/com.st.stm32cube.ide.mcu.externaltools.gnu-tools-for-stm32.13.3.rel1.win32_1.0.0.202411081344/tools/bin/../lib/gcc/arm-none-eabi/13.3.1/thumb/v7e-m+dp/hard/crtbegin.o

.data           0x20000000       0x20 load address 0x080019c4
                0x20000000                        . = ALIGN (0x4)
                0x20000000                        _sdata = .
 *(.data)
 *(.data*)
 .data.ledPort  0x20000000        0xc ./Core/Src/Bsp.o
 .data.ledPin   0x2000000c        0x6 ./Core/Src/Bsp.o
 *fill*         0x20000012        0x2 
 .data.SystemCoreClock
                0x20000014        0x4 ./Core/Src/system_stm32f7xx.o
                0x20000014                SystemCoreClock
 .data.uwTickPrio
                0x20000018        0x4 ./Drivers/STM32F7xx_HAL_Driver/Src/stm32f7xx_hal.o
                0x20000018                uwTickPrio
 .data.uwTickFreq
                0x2000001c        0x1 ./Drivers/STM32F7xx_HAL_Driver/Src/stm32f7xx_hal.o
                0x2000001c                uwTickFreq
 *(.RamFunc)
 *(.RamFunc*)
                0x20000020                        . = ALIGN (0x4)
 *fill*         0x2000001d        0x3 
                0x20000020                        _edata = .

.igot.plt       0x20000020        0x0 load address 0x080019e4
 .igot.plt      0x20000020        0x0 C:/ST/STM32CubeIDE_1.18.1/STM32CubeIDE/plugins/com.st.stm32cube.ide.mcu.externaltools.gnu-tools-for-stm32.13.3.rel1.win32_1.0.0.202411081344/tools/bin/../lib/gcc/arm-none-eabi/13.3.1/thumb/v7e-m+dp/hard/crtbegin.o
                0x20000020                        . = ALIGN (0x4)

.bss            0x20000020       0x24 load address 0x080019e4
                0x20000020                        _sbss = .
                0x20000020                        __bss_start__ = _sbss
 *(.bss)
 .bss           0x20000020       0x1c C:/ST/STM32CubeIDE_1.18.1/STM32CubeIDE/plugins/com.st.stm32cube.ide.mcu.externaltools.gnu-tools-for-stm32.13.3.rel1.win32_1.0.0.202411081344/tools/bin/../lib/gcc/arm-none-eabi/13.3.1/thumb/v7e-m+dp/hard/crtbegin.o
 *(.bss*)
 .bss.previousTime
                0x2000003c        0x4 ./Core/Src/PainelLed.o
 .bss.uwTick    0x20000040        0x4 ./Drivers/STM32F7xx_HAL_Driver/Src/stm32f7xx_hal.o
                0x20000040                uwTick
 *(COMMON)
                0x20000044                        . = ALIGN (0x4)
                0x20000044                        _ebss = .
                0x20000044                        __bss_end__ = _ebss

._user_heap_stack
                0x20000044      0x604 load address 0x080019e4
                0x20000048                        . = ALIGN (0x8)
 *fill*         0x20000044        0x4 
                [!provide]                        PROVIDE (end = .)
                0x20000048                        PROVIDE (_end = .)
                0x20000248                        . = (. + _Min_Heap_Size)
 *fill*         0x20000048      0x200 
                0x20000648                        . = (. + _Min_Stack_Size)
 *fill*         0x20000248      0x400 
                0x20000648                        . = ALIGN (0x8)

/DISCARD/
 libc.a(*)
 libm.a(*)
 libgcc.a(*)

.ARM.attributes
                0x00000000       0x2e
 *(.ARM.attributes)
 .ARM.attributes
                0x00000000       0x20 C:/ST/STM32CubeIDE_1.18.1/STM32CubeIDE/plugins/com.st.stm32cube.ide.mcu.externaltools.gnu-tools-for-stm32.13.3.rel1.win32_1.0.0.202411081344/tools/bin/../lib/gcc/arm-none-eabi/13.3.1/thumb/v7e-m+dp/hard/crti.o
 .ARM.attributes
                0x00000020       0x32 C:/ST/STM32CubeIDE_1.18.1/STM32CubeIDE/plugins/com.st.stm32cube.ide.mcu.externaltools.gnu-tools-for-stm32.13.3.rel1.win32_1.0.0.202411081344/tools/bin/../lib/gcc/arm-none-eabi/13.3.1/thumb/v7e-m+dp/hard/crtbegin.o
 .ARM.attributes
                0x00000052       0x32 ./Core/Src/Bsp.o
 .ARM.attributes
                0x00000084       0x32 ./Core/Src/PainelLed.o
 .ARM.attributes
                0x000000b6       0x32 ./Core/Src/main.o
 .ARM.attributes
                0x000000e8       0x32 ./Core/Src/stm32f7xx_hal_msp.o
 .ARM.attributes
                0x0000011a       0x32 ./Core/Src/stm32f7xx_it.o
 .ARM.attributes
                0x0000014c       0x32 ./Core/Src/system_stm32f7xx.o
 .ARM.attributes
                0x0000017e       0x21 ./Core/Startup/startup_stm32f767zitx.o
 .ARM.attributes
                0x0000019f       0x32 ./Drivers/STM32F7xx_HAL_Driver/Src/stm32f7xx_hal.o
 .ARM.attributes
                0x000001d1       0x32 ./Drivers/STM32F7xx_HAL_Driver/Src/stm32f7xx_hal_cortex.o
 .ARM.attributes
                0x00000203       0x32 ./Drivers/STM32F7xx_HAL_Driver/Src/stm32f7xx_hal_gpio.o
 .ARM.attributes
                0x00000235       0x32 ./Drivers/STM32F7xx_HAL_Driver/Src/stm32f7xx_hal_pwr_ex.o
 .ARM.attributes
                0x00000267       0x32 ./Drivers/STM32F7xx_HAL_Driver/Src/stm32f7xx_hal_rcc.o
 .ARM.attributes
                0x00000299       0x32 C:/ST/STM32CubeIDE_1.18.1/STM32CubeIDE/plugins/com.st.stm32cube.ide.mcu.externaltools.gnu-tools-for-stm32.13.3.rel1.win32_1.0.0.202411081344/tools/bin/../lib/gcc/arm-none-eabi/13.3.1/../../../../arm-none-eabi/lib/thumb/v7e-m+dp/hard\libc_nano.a(libc_a-memset.o)
 .ARM.attributes
                0x000002cb       0x32 C:/ST/STM32CubeIDE_1.18.1/STM32CubeIDE/plugins/com.st.stm32cube.ide.mcu.externaltools.gnu-tools-for-stm32.13.3.rel1.win32_1.0.0.202411081344/tools/bin/../lib/gcc/arm-none-eabi/13.3.1/../../../../arm-none-eabi/lib/thumb/v7e-m+dp/hard\libc_nano.a(libc_a-init.o)
 .ARM.attributes
                0x000002fd       0x20 C:/ST/STM32CubeIDE_1.18.1/STM32CubeIDE/plugins/com.st.stm32cube.ide.mcu.externaltools.gnu-tools-for-stm32.13.3.rel1.win32_1.0.0.202411081344/tools/bin/../lib/gcc/arm-none-eabi/13.3.1/thumb/v7e-m+dp/hard\libgcc.a(_aeabi_uldivmod.o)
 .ARM.attributes
                0x0000031d       0x32 C:/ST/STM32CubeIDE_1.18.1/STM32CubeIDE/plugins/com.st.stm32cube.ide.mcu.externaltools.gnu-tools-for-stm32.13.3.rel1.win32_1.0.0.202411081344/tools/bin/../lib/gcc/arm-none-eabi/13.3.1/thumb/v7e-m+dp/hard\libgcc.a(_udivmoddi4.o)
 .ARM.attributes
                0x0000034f       0x20 C:/ST/STM32CubeIDE_1.18.1/STM32CubeIDE/plugins/com.st.stm32cube.ide.mcu.externaltools.gnu-tools-for-stm32.13.3.rel1.win32_1.0.0.202411081344/tools/bin/../lib/gcc/arm-none-eabi/13.3.1/thumb/v7e-m+dp/hard\libgcc.a(_dvmd_tls.o)
 .ARM.attributes
                0x0000036f       0x20 C:/ST/STM32CubeIDE_1.18.1/STM32CubeIDE/plugins/com.st.stm32cube.ide.mcu.externaltools.gnu-tools-for-stm32.13.3.rel1.win32_1.0.0.202411081344/tools/bin/../lib/gcc/arm-none-eabi/13.3.1/thumb/v7e-m+dp/hard/crtn.o
OUTPUT(Project_LED.elf elf32-littlearm)
LOAD linker stubs
LOAD C:/ST/STM32CubeIDE_1.18.1/STM32CubeIDE/plugins/com.st.stm32cube.ide.mcu.externaltools.gnu-tools-for-stm32.13.3.rel1.win32_1.0.0.202411081344/tools/bin/../lib/gcc/arm-none-eabi/13.3.1/../../../../arm-none-eabi/lib/thumb/v7e-m+dp/hard\libc.a
LOAD C:/ST/STM32CubeIDE_1.18.1/STM32CubeIDE/plugins/com.st.stm32cube.ide.mcu.externaltools.gnu-tools-for-stm32.13.3.rel1.win32_1.0.0.202411081344/tools/bin/../lib/gcc/arm-none-eabi/13.3.1/../../../../arm-none-eabi/lib/thumb/v7e-m+dp/hard\libm.a
LOAD C:/ST/STM32CubeIDE_1.18.1/STM32CubeIDE/plugins/com.st.stm32cube.ide.mcu.externaltools.gnu-tools-for-stm32.13.3.rel1.win32_1.0.0.202411081344/tools/bin/../lib/gcc/arm-none-eabi/13.3.1/thumb/v7e-m+dp/hard\libgcc.a

.debug_info     0x00000000     0x49d7
 .debug_info    0x00000000      0x4f3 ./Core/Src/Bsp.o
 .debug_info    0x000004f3       0xf8 ./Core/Src/PainelLed.o
 .debug_info    0x000005eb      0x619 ./Core/Src/main.o
 .debug_info    0x00000c04      0x28d ./Core/Src/stm32f7xx_hal_msp.o
 .debug_info    0x00000e91      0x112 ./Core/Src/stm32f7xx_it.o
 .debug_info    0x00000fa3      0x6ed ./Core/Src/system_stm32f7xx.o
 .debug_info    0x00001690       0x30 ./Core/Startup/startup_stm32f767zitx.o
 .debug_info    0x000016c0      0xa4c ./Drivers/STM32F7xx_HAL_Driver/Src/stm32f7xx_hal.o
 .debug_info    0x0000210c      0xfc0 ./Drivers/STM32F7xx_HAL_Driver/Src/stm32f7xx_hal_cortex.o
 .debug_info    0x000030cc      0x6f3 ./Drivers/STM32F7xx_HAL_Driver/Src/stm32f7xx_hal_gpio.o
 .debug_info    0x000037bf      0x8cd ./Drivers/STM32F7xx_HAL_Driver/Src/stm32f7xx_hal_pwr_ex.o
 .debug_info    0x0000408c      0x94b ./Drivers/STM32F7xx_HAL_Driver/Src/stm32f7xx_hal_rcc.o

.debug_abbrev   0x00000000     0x12d2
 .debug_abbrev  0x00000000      0x1b8 ./Core/Src/Bsp.o
 .debug_abbrev  0x000001b8       0x97 ./Core/Src/PainelLed.o
 .debug_abbrev  0x0000024f      0x221 ./Core/Src/main.o
 .debug_abbrev  0x00000470       0xd8 ./Core/Src/stm32f7xx_hal_msp.o
 .debug_abbrev  0x00000548       0x73 ./Core/Src/stm32f7xx_it.o
 .debug_abbrev  0x000005bb      0x13b ./Core/Src/system_stm32f7xx.o
 .debug_abbrev  0x000006f6       0x24 ./Core/Startup/startup_stm32f767zitx.o
 .debug_abbrev  0x0000071a      0x213 ./Drivers/STM32F7xx_HAL_Driver/Src/stm32f7xx_hal.o
 .debug_abbrev  0x0000092d      0x31e ./Drivers/STM32F7xx_HAL_Driver/Src/stm32f7xx_hal_cortex.o
 .debug_abbrev  0x00000c4b      0x1d4 ./Drivers/STM32F7xx_HAL_Driver/Src/stm32f7xx_hal_gpio.o
 .debug_abbrev  0x00000e1f      0x1d5 ./Drivers/STM32F7xx_HAL_Driver/Src/stm32f7xx_hal_pwr_ex.o
 .debug_abbrev  0x00000ff4      0x2de ./Drivers/STM32F7xx_HAL_Driver/Src/stm32f7xx_hal_rcc.o

.debug_aranges  0x00000000      0x4f8
 .debug_aranges
                0x00000000       0x38 ./Core/Src/Bsp.o
 .debug_aranges
                0x00000038       0x20 ./Core/Src/PainelLed.o
 .debug_aranges
                0x00000058       0x38 ./Core/Src/main.o
 .debug_aranges
                0x00000090       0x20 ./Core/Src/stm32f7xx_hal_msp.o
 .debug_aranges
                0x000000b0       0x60 ./Core/Src/stm32f7xx_it.o
 .debug_aranges
                0x00000110       0x28 ./Core/Src/system_stm32f7xx.o
 .debug_aranges
                0x00000138       0x28 ./Core/Startup/startup_stm32f767zitx.o
 .debug_aranges
                0x00000160      0x110 ./Drivers/STM32F7xx_HAL_Driver/Src/stm32f7xx_hal.o
 .debug_aranges
                0x00000270      0x128 ./Drivers/STM32F7xx_HAL_Driver/Src/stm32f7xx_hal_cortex.o
 .debug_aranges
                0x00000398       0x58 ./Drivers/STM32F7xx_HAL_Driver/Src/stm32f7xx_hal_gpio.o
 .debug_aranges
                0x000003f0       0x80 ./Drivers/STM32F7xx_HAL_Driver/Src/stm32f7xx_hal_pwr_ex.o
 .debug_aranges
                0x00000470       0x88 ./Drivers/STM32F7xx_HAL_Driver/Src/stm32f7xx_hal_rcc.o

.debug_rnglists
                0x00000000      0x38e
 .debug_rnglists
                0x00000000       0x26 ./Core/Src/Bsp.o
 .debug_rnglists
                0x00000026       0x13 ./Core/Src/PainelLed.o
 .debug_rnglists
                0x00000039       0x26 ./Core/Src/main.o
 .debug_rnglists
                0x0000005f       0x13 ./Core/Src/stm32f7xx_hal_msp.o
 .debug_rnglists
                0x00000072       0x43 ./Core/Src/stm32f7xx_it.o
 .debug_rnglists
                0x000000b5       0x1a ./Core/Src/system_stm32f7xx.o
 .debug_rnglists
                0x000000cf       0x19 ./Core/Startup/startup_stm32f767zitx.o
 .debug_rnglists
                0x000000e8       0xc7 ./Drivers/STM32F7xx_HAL_Driver/Src/stm32f7xx_hal.o
 .debug_rnglists
                0x000001af       0xda ./Drivers/STM32F7xx_HAL_Driver/Src/stm32f7xx_hal_cortex.o
 .debug_rnglists
                0x00000289       0x3f ./Drivers/STM32F7xx_HAL_Driver/Src/stm32f7xx_hal_gpio.o
 .debug_rnglists
                0x000002c8       0x5f ./Drivers/STM32F7xx_HAL_Driver/Src/stm32f7xx_hal_pwr_ex.o
 .debug_rnglists
                0x00000327       0x67 ./Drivers/STM32F7xx_HAL_Driver/Src/stm32f7xx_hal_rcc.o

.debug_macro    0x00000000    0x253a9
 .debug_macro   0x00000000      0x1c0 ./Core/Src/Bsp.o
 .debug_macro   0x000001c0      0xaf0 ./Core/Src/Bsp.o
 .debug_macro   0x00000cb0      0x281 ./Core/Src/Bsp.o
 .debug_macro   0x00000f31       0x2e ./Core/Src/Bsp.o
 .debug_macro   0x00000f5f       0x3b ./Core/Src/Bsp.o
 .debug_macro   0x00000f9a       0x22 ./Core/Src/Bsp.o
 .debug_macro   0x00000fbc       0x8e ./Core/Src/Bsp.o
 .debug_macro   0x0000104a       0x51 ./Core/Src/Bsp.o
 .debug_macro   0x0000109b      0x103 ./Core/Src/Bsp.o
 .debug_macro   0x0000119e       0x6a ./Core/Src/Bsp.o
 .debug_macro   0x00001208      0x1df ./Core/Src/Bsp.o
 .debug_macro   0x000013e7       0x1c ./Core/Src/Bsp.o
 .debug_macro   0x00001403       0x22 ./Core/Src/Bsp.o
 .debug_macro   0x00001425       0xd9 ./Core/Src/Bsp.o
 .debug_macro   0x000014fe     0x12cd ./Core/Src/Bsp.o
 .debug_macro   0x000027cb      0x11f ./Core/Src/Bsp.o
 .debug_macro   0x000028ea       0x19 ./Core/Src/Bsp.o
 .debug_macro   0x00002903    0x1aa23 ./Core/Src/Bsp.o
 .debug_macro   0x0001d326       0x6d ./Core/Src/Bsp.o
 .debug_macro   0x0001d393     0x375e ./Core/Src/Bsp.o
 .debug_macro   0x00020af1      0x190 ./Core/Src/Bsp.o
 .debug_macro   0x00020c81       0x63 ./Core/Src/Bsp.o
 .debug_macro   0x00020ce4     0x1add ./Core/Src/Bsp.o
 .debug_macro   0x000227c1      0x6c4 ./Core/Src/Bsp.o
 .debug_macro   0x00022e85      0x18b ./Core/Src/Bsp.o
 .debug_macro   0x00023010      0x115 ./Core/Src/Bsp.o
 .debug_macro   0x00023125      0x26e ./Core/Src/Bsp.o
 .debug_macro   0x00023393       0xa5 ./Core/Src/Bsp.o
 .debug_macro   0x00023438      0x24f ./Core/Src/Bsp.o
 .debug_macro   0x00023687       0x71 ./Core/Src/Bsp.o
 .debug_macro   0x000236f8       0x58 ./Core/Src/Bsp.o
 .debug_macro   0x00023750      0x236 ./Core/Src/Bsp.o
 .debug_macro   0x00023986      0x14e ./Core/Src/Bsp.o
 .debug_macro   0x00023ad4      0x3db ./Core/Src/Bsp.o
 .debug_macro   0x00023eaf       0x12 ./Core/Src/Bsp.o
 .debug_macro   0x00023ec1      0x12e ./Core/Src/Bsp.o
 .debug_macro   0x00023fef      0x108 ./Core/Src/Bsp.o
 .debug_macro   0x000240f7       0x35 ./Core/Src/Bsp.o
 .debug_macro   0x0002412c      0x15b ./Core/Src/Bsp.o
 .debug_macro   0x00024287      0x1ca ./Core/Src/PainelLed.o
 .debug_macro   0x00024451      0x1c4 ./Core/Src/main.o
 .debug_macro   0x00024615      0x1ac ./Core/Src/stm32f7xx_hal_msp.o
 .debug_macro   0x000247c1      0x1b6 ./Core/Src/stm32f7xx_it.o
 .debug_macro   0x00024977      0x1a2 ./Core/Src/system_stm32f7xx.o
 .debug_macro   0x00024b19      0x1c6 ./Drivers/STM32F7xx_HAL_Driver/Src/stm32f7xx_hal.o
 .debug_macro   0x00024cdf      0x1a2 ./Drivers/STM32F7xx_HAL_Driver/Src/stm32f7xx_hal_cortex.o
 .debug_macro   0x00024e81      0x1a8 ./Drivers/STM32F7xx_HAL_Driver/Src/stm32f7xx_hal_gpio.o
 .debug_macro   0x00025029      0x1ba ./Drivers/STM32F7xx_HAL_Driver/Src/stm32f7xx_hal_pwr_ex.o
 .debug_macro   0x000251e3      0x1c6 ./Drivers/STM32F7xx_HAL_Driver/Src/stm32f7xx_hal_rcc.o

.debug_line     0x00000000     0x674f
 .debug_line    0x00000000      0x755 ./Core/Src/Bsp.o
 .debug_line    0x00000755      0x6f7 ./Core/Src/PainelLed.o
 .debug_line    0x00000e4c      0x7b4 ./Core/Src/main.o
 .debug_line    0x00001600      0x6dc ./Core/Src/stm32f7xx_hal_msp.o
 .debug_line    0x00001cdc      0x78b ./Core/Src/stm32f7xx_it.o
 .debug_line    0x00002467      0x750 ./Core/Src/system_stm32f7xx.o
 .debug_line    0x00002bb7       0x7a ./Core/Startup/startup_stm32f767zitx.o
 .debug_line    0x00002c31      0xa33 ./Drivers/STM32F7xx_HAL_Driver/Src/stm32f7xx_hal.o
 .debug_line    0x00003664      0xc83 ./Drivers/STM32F7xx_HAL_Driver/Src/stm32f7xx_hal_cortex.o
 .debug_line    0x000042e7      0xb5d ./Drivers/STM32F7xx_HAL_Driver/Src/stm32f7xx_hal_gpio.o
 .debug_line    0x00004e44      0x9d3 ./Drivers/STM32F7xx_HAL_Driver/Src/stm32f7xx_hal_pwr_ex.o
 .debug_line    0x00005817      0xf38 ./Drivers/STM32F7xx_HAL_Driver/Src/stm32f7xx_hal_rcc.o

.debug_str      0x00000000    0xe5d0b
 .debug_str     0x00000000    0xe5d0b ./Core/Src/Bsp.o
                              0xe4b59 (size before relaxing)
 .debug_str     0x000e5d0b    0xe494a ./Core/Src/PainelLed.o
 .debug_str     0x000e5d0b    0xe4ce9 ./Core/Src/main.o
 .debug_str     0x000e5d0b    0xe4a00 ./Core/Src/stm32f7xx_hal_msp.o
 .debug_str     0x000e5d0b    0xe4969 ./Core/Src/stm32f7xx_it.o
 .debug_str     0x000e5d0b    0xe4b79 ./Core/Src/system_stm32f7xx.o
 .debug_str     0x000e5d0b       0x98 ./Core/Startup/startup_stm32f767zitx.o
 .debug_str     0x000e5d0b    0xe55b9 ./Drivers/STM32F7xx_HAL_Driver/Src/stm32f7xx_hal.o
 .debug_str     0x000e5d0b    0xe559b ./Drivers/STM32F7xx_HAL_Driver/Src/stm32f7xx_hal_cortex.o
 .debug_str     0x000e5d0b    0xe4c37 ./Drivers/STM32F7xx_HAL_Driver/Src/stm32f7xx_hal_gpio.o
 .debug_str     0x000e5d0b    0xe4de8 ./Drivers/STM32F7xx_HAL_Driver/Src/stm32f7xx_hal_pwr_ex.o
 .debug_str     0x000e5d0b    0xe4ef4 ./Drivers/STM32F7xx_HAL_Driver/Src/stm32f7xx_hal_rcc.o

.comment        0x00000000       0x43
 .comment       0x00000000       0x43 ./Core/Src/Bsp.o
                                 0x44 (size before relaxing)
 .comment       0x00000043       0x44 ./Core/Src/PainelLed.o
 .comment       0x00000043       0x44 ./Core/Src/main.o
 .comment       0x00000043       0x44 ./Core/Src/stm32f7xx_hal_msp.o
 .comment       0x00000043       0x44 ./Core/Src/stm32f7xx_it.o
 .comment       0x00000043       0x44 ./Core/Src/system_stm32f7xx.o
 .comment       0x00000043       0x44 ./Drivers/STM32F7xx_HAL_Driver/Src/stm32f7xx_hal.o
 .comment       0x00000043       0x44 ./Drivers/STM32F7xx_HAL_Driver/Src/stm32f7xx_hal_cortex.o
 .comment       0x00000043       0x44 ./Drivers/STM32F7xx_HAL_Driver/Src/stm32f7xx_hal_gpio.o
 .comment       0x00000043       0x44 ./Drivers/STM32F7xx_HAL_Driver/Src/stm32f7xx_hal_pwr_ex.o
 .comment       0x00000043       0x44 ./Drivers/STM32F7xx_HAL_Driver/Src/stm32f7xx_hal_rcc.o

.debug_frame    0x00000000     0x1180
 .debug_frame   0x00000000       0x98 ./Core/Src/Bsp.o
 .debug_frame   0x00000098       0x34 ./Core/Src/PainelLed.o
 .debug_frame   0x000000cc       0x8c ./Core/Src/main.o
 .debug_frame   0x00000158       0x38 ./Core/Src/stm32f7xx_hal_msp.o
 .debug_frame   0x00000190      0x104 ./Core/Src/stm32f7xx_it.o
 .debug_frame   0x00000294       0x58 ./Core/Src/system_stm32f7xx.o
 .debug_frame   0x000002ec      0x3f4 ./Drivers/STM32F7xx_HAL_Driver/Src/stm32f7xx_hal.o
 .debug_frame   0x000006e0      0x4e8 ./Drivers/STM32F7xx_HAL_Driver/Src/stm32f7xx_hal_cortex.o
 .debug_frame   0x00000bc8      0x14c ./Drivers/STM32F7xx_HAL_Driver/Src/stm32f7xx_hal_gpio.o
 .debug_frame   0x00000d14      0x1c8 ./Drivers/STM32F7xx_HAL_Driver/Src/stm32f7xx_hal_pwr_ex.o
 .debug_frame   0x00000edc      0x1f8 ./Drivers/STM32F7xx_HAL_Driver/Src/stm32f7xx_hal_rcc.o
 .debug_frame   0x000010d4       0x20 C:/ST/STM32CubeIDE_1.18.1/STM32CubeIDE/plugins/com.st.stm32cube.ide.mcu.externaltools.gnu-tools-for-stm32.13.3.rel1.win32_1.0.0.202411081344/tools/bin/../lib/gcc/arm-none-eabi/13.3.1/../../../../arm-none-eabi/lib/thumb/v7e-m+dp/hard\libc_nano.a(libc_a-memset.o)
 .debug_frame   0x000010f4       0x2c C:/ST/STM32CubeIDE_1.18.1/STM32CubeIDE/plugins/com.st.stm32cube.ide.mcu.externaltools.gnu-tools-for-stm32.13.3.rel1.win32_1.0.0.202411081344/tools/bin/../lib/gcc/arm-none-eabi/13.3.1/../../../../arm-none-eabi/lib/thumb/v7e-m+dp/hard\libc_nano.a(libc_a-init.o)
 .debug_frame   0x00001120       0x2c C:/ST/STM32CubeIDE_1.18.1/STM32CubeIDE/plugins/com.st.stm32cube.ide.mcu.externaltools.gnu-tools-for-stm32.13.3.rel1.win32_1.0.0.202411081344/tools/bin/../lib/gcc/arm-none-eabi/13.3.1/thumb/v7e-m+dp/hard\libgcc.a(_aeabi_uldivmod.o)
 .debug_frame   0x0000114c       0x34 C:/ST/STM32CubeIDE_1.18.1/STM32CubeIDE/plugins/com.st.stm32cube.ide.mcu.externaltools.gnu-tools-for-stm32.13.3.rel1.win32_1.0.0.202411081344/tools/bin/../lib/gcc/arm-none-eabi/13.3.1/thumb/v7e-m+dp/hard\libgcc.a(_udivmoddi4.o)

.debug_line_str
                0x00000000       0x7c
 .debug_line_str
                0x00000000       0x7c ./Core/Startup/startup_stm32f767zitx.o
